// Vitest Snapshot v1

exports[`menu item with link 1`] = `
<body>
  <div>
    <li
      class="mr-0 font-bold text-center p-2"
    >
      <div
        class="flex justify-center"
      >
        <div>
          <div
            class="relative"
            data-te-dropdown-ref=""
          >
            <a
              aria-expanded="false"
              class="flex text-sm items-center whitespace-nowrap rounded bg-primary px-6 pt-2.5 pb-2 font-medium uppercase leading-normal text-white shadow-[0_4px_9px_-4px_#3b71ca] transition duration-150 ease-in-out hover:bg-white hover:text-emerald-500 hover:shadow-[0_8px_9px_-4px_rgba(59,113,202,0.3),0_4px_18px_0_rgba(59,113,202,0.2)] focus:bg-primary-600 focus:shadow-[0_8px_9px_-4px_rgba(59,113,202,0.3),0_4px_18px_0_rgba(59,113,202,0.2)] focus:outline-none focus:ring-0 active:bg-primary-700 active:shadow-[0_8px_9px_-4px_rgba(59,113,202,0.3),0_4px_18px_0_rgba(59,113,202,0.2)] motion-reduce:transition-none"
              data-te-dropdown-toggle-ref=""
              data-te-ripple-color="light"
              data-te-ripple-init=""
              href="/foo"
              id="dropdownMenuButton2"
              type="button"
            >
              Foo
               
            </a>
             
          </div>
        </div>
      </div>
    </li>
    <!--&lt;Item&gt;-->
  </div>
</body>
`;

exports[`menu item without 1`] = `
<body>
  <div>
    <li
      class="mr-0 font-bold text-center p-2"
    >
      <div
        class="flex justify-center"
      >
        <div>
          <div
            class="relative"
            data-te-dropdown-ref=""
          >
            <a
              aria-expanded="false"
              class="flex text-sm items-center whitespace-nowrap rounded bg-primary px-6 pt-2.5 pb-2 font-medium uppercase leading-normal text-white shadow-[0_4px_9px_-4px_#3b71ca] transition duration-150 ease-in-out hover:bg-white hover:text-emerald-500 hover:shadow-[0_8px_9px_-4px_rgba(59,113,202,0.3),0_4px_18px_0_rgba(59,113,202,0.2)] focus:bg-primary-600 focus:shadow-[0_8px_9px_-4px_rgba(59,113,202,0.3),0_4px_18px_0_rgba(59,113,202,0.2)] focus:outline-none focus:ring-0 active:bg-primary-700 active:shadow-[0_8px_9px_-4px_rgba(59,113,202,0.3),0_4px_18px_0_rgba(59,113,202,0.2)] motion-reduce:transition-none"
              data-te-dropdown-toggle-ref=""
              data-te-ripple-color="light"
              data-te-ripple-init=""
              id="dropdownMenuButton2"
              type="button"
            >
              Foo
               
            </a>
             
          </div>
        </div>
      </div>
    </li>
    <!--&lt;Item&gt;-->
  </div>
</body>
`;
